---
source: crates/webc/src/wasmer_package/package.rs
description: "\n            [package]\n            name = \"some/package\"\n            version = \"0.0.0\"\n            description = \"\"\n\n            [[module]]\n            name = \"my-lib\"\n            source = \"./my-lib.wasm\"\n            abi = \"none\"\n            bindings = { wai-version = \"0.2.0\", exports = \"./file.wai\", imports = [\"a.wai\", \"b.wai\"] }\n        "
expression: webc.manifest()
---
package:
  wapm: {}
atoms:
  my-lib:
    kind: "https://webc.org/kind/wasm"
    signature: "sha256:Wjn+71LlO4/+39cFFVbsEF7YaYLxIqBdJyjZZ3jk65Y="
bindings:
  - name: library-bindings
    kind: wai@0.2.0
    annotations:
      wai:
        exports: "metadata://file.wai"
        module: my-lib
        imports:
          - "metadata://a.wai"
          - "metadata://b.wai"
