---
source: crates/webc/src/wasmer_package/manifest.rs
description: "\n            [package]\n            name = \"some/package\"\n            version = \"0.0.0\"\n            description = \"This is a package\"\n\n            [fs]\n            lib = \"lib\"\n            \"/public\" = \"out\"\n        "
expression: "&transformed"
---
package:
  wapm:
    name: some/package
    version: 0.0.0
    description: This is a package
  fs:
    - from: ~
      volume_name: /lib
      mount_path: /lib
    - from: ~
      volume_name: /out
      mount_path: /public
