---
source: tests/integration/cli/tests/snapshot.rs
expression: snapshot
---
{
  "spec": {
    "name": null,
    "wasm_hash": "85b3818a4c2fef42f12451fd1e9e9e79",
    "use_packages": [],
    "cli_args": [],
    "stdin": null,
    "debug_output": false,
    "enable_threads": true
  },
  "result": {
    "Success": {
      "stdout": "",
      "stderr": "",
      "exit_code": 0
    }
  }
}
