---
source: tests/integration/cli/tests/snapshot.rs
expression: snapshot
---
{
  "spec": {
    "name": "snapshot::test_snapshot_fork_and_exec_async",
    "use_packages": [
      "sharrattj/coreutils"
    ],
    "include_webcs": [
      {
        "name": "sharrattj/coreutils@1.0.16"
      }
    ],
    "cli_args": [],
    "enable_threads": true,
    "enable_network": false,
    "enable_async_threads": true
  },
  "result": {
    "Success": {
      "stdout": "Main program started\nexecve: echo hi-from-child\nhi-from-child\nhi-from-parent\n",
      "stderr": "Child(2) exited with 0\nexecve: echo hi-from-parent\n",
      "exit_code": 0
    }
  }
}
