---
source: tests/integration/cli/tests/snapshot.rs
expression: snapshot
---
{
  "spec": {
    "name": "snapshot::test_snapshot_dash_dev_zero",
    "use_packages": [
      "sharrattj/coreutils"
    ],
    "include_webcs": [
      {
        "name": "sharrattj/coreutils@1.0.16"
      }
    ],
    "cli_args": [],
    "stdin_hash": "a911ff36e7a2d67baba7c3dcb45ac5c9",
    "enable_threads": true,
    "enable_network": false
  },
  "result": {
    "Success": {
      "stdout": "\u0000\u0000\u0000\u0000\u0000\u0000\u0000\u0000\u0000\u0000",
      "stderr": "# # \n",
      "exit_code": 0
    }
  }
}
