---
source: tests/integration/cli/tests/snapshot.rs
expression: snapshot
---
{
  "spec": {
    "name": null,
    "wasm_hash": "8da782e1c68779dbc4e4b174e731cedf",
    "use_packages": [
      "sharrattj/coreutils"
    ],
    "cli_args": [],
    "stdin": null,
    "debug_output": false,
    "enable_threads": true
  },
  "result": {
    "Success": {
      "stdout": "Child pid: 2\nhi\nChild status 0\n",
      "stderr": "",
      "exit_code": 0
    }
  }
}
