---
source: tests/integration/cli/tests/snapshot.rs
expression: snapshot
---
{
  "spec": {
    "name": "snapshot::test_snapshot_dash_python",
    "use_packages": [
      "wasmer/coreutils"
    ],
    "include_webcs": [
      {
        "name": "wasmer/python@3.13.5"
      }
    ],
    "cli_args": [],
    "stdin_hash": "74de24443b749cba5455e66eba933ce3",
    "enable_threads": true,
    "enable_network": false
  },
  "result": {
    "Success": {
      "stdout": "10\n",
      "stderr": "",
      "exit_code": 0
    }
  }
}
