---
source: tests/integration/cli/tests/snapshot.rs
expression: snapshot
---
{
  "spec": {
    "name": "snapshot::test_snapshot_dash_python",
    "use_packages": [
      "wasmer/coreutils"
    ],
    "include_webcs": [
      {
        "name": "sha256:c03ebe0946e66edf598fd7a1f192101f60e4e9c0095aecd04e049989692bdcab"
      }
    ],
    "cli_args": [],
    "stdin_hash": "5fa1ef1f1815148f0d618596b408cf96",
    "enable_threads": true,
    "enable_network": false
  },
  "result": {
    "Success": {
      "stdout": "10\n",
      "stderr": "# # \n",
      "exit_code": 0
    }
  }
}
