---
source: tests/integration/cli/tests/snapshot.rs
assertion_line: 564
expression: snapshot
---
{
  "spec": {
    "name": "snapshot::test_snapshot_readdir_tree",
    "use_packages": [
      "syrusakbary/coreutils"
    ],
    "include_webcs": [
      {
        "name": "syrusakbary/coreutils@0.0.1"
      }
    ],
    "cli_args": [
      "/"
    ],
    "enable_threads": true,
    "enable_network": false
  },
  "result": {
    "Success": {
      "stdout": "/\n  .app:\n  .private:\n  bin:\n    base32\n    base64\n    basename\n    cat\n    dirname\n    echo\n    env\n    ls\n    mkdir\n    mv\n    printf\n    pwd\n    sum\n    wasmer\n    wc\n  dev:\n    null\n    shm:\n    stderr\n    stdin\n    stdout\n    tty\n    urandom\n    zero\n  etc:\n  tmp:\n  usr:\n    bin:\n      base32\n      base64\n      basename\n      cat\n      dirname\n      echo\n      env\n      ls\n      mkdir\n      mv\n      printf\n      pwd\n      sum\n      wasmer\n      wc\n",
      "stderr": "",
      "exit_code": 0
    }
  }
}
