---
source: tests/integration/cli/tests/snapshot.rs
assertion_line: 1189
expression: snapshot
---
{
  "spec": {
    "name": "snapshot::test_snapshot_bash_python",
    "use_packages": [
      "wasmer/coreutils"
    ],
    "include_webcs": [
      {
        "name": "wasmer/python@3.13.5"
      }
    ],
    "cli_args": [],
    "stdin_hash": "09acf737d13ae7b81e6c04116f6d93b1",
    "enable_threads": true,
    "enable_network": false
  },
  "result": {
    "Success": {
      "stdout": "10\n",
      "stderr": "test.wasm-5.1# test.wasm-5.1# exit\n",
      "exit_code": 0
    }
  }
}
