---
source: tests/integration/cli/tests/snapshot.rs
assertion_line: 622
expression: snapshot
---
{
  "spec": {
    "name": "snapshot::test_snapshot_bash_dash",
    "use_packages": [
      "sharrattj/dash"
    ],
    "cli_args": [],
    "stdin": [
      47,
      98,
      105,
      110,
      47,
      100,
      97,
      115,
      104,
      10,
      101,
      99,
      104,
      111,
      32,
      104,
      105,
      10,
      101,
      120,
      105,
      116,
      10,
      101,
      120,
      105,
      116,
      10
    ],
    "debug_output": false,
    "enable_threads": true,
    "enable_network": false,
    "http_request": null
  },
  "result": {
    "Success": {
      "stdout": "hi\n",
      "stderr": "test.wasm-5.1# # # test.wasm-5.1# exit\n",
      "exit_code": 78
    }
  }
}
