---
source: tests/integration/cli/tests/snapshot.rs
assertion_line: 456
expression: snapshot
---
{
  "spec": {
    "name": "snapshot::test_snapshot_dash_echo_to_cat",
    "use_packages": [
      "sharrattj/coreutils"
    ],
    "include_webcs": [
      {
        "name": "sharrattj/coreutils@1.0.16"
      }
    ],
    "cli_args": [],
    "stdin": [
      101,
      99,
      104,
      111,
      32,
      104,
      101,
      108,
      108,
      111,
      32,
      124,
      32,
      99,
      97,
      116
    ],
    "debug_output": false,
    "enable_threads": true,
    "enable_network": false
  },
  "result": {
    "Success": {
      "stdout": "hello\n",
      "stderr": "# # \n",
      "exit_code": 0
    }
  }
}
