---
source: tests/integration/cli/tests/snapshot.rs
assertion_line: 1209
expression: snapshot
---
{
  "spec": {
    "name": "snapshot::test_snapshot_bash_dash",
    "use_packages": [
      "wasmer/bash"
    ],
    "include_webcs": [],
    "cli_args": [],
    "stdin_hash": "702da725f176c20024965c8830b620ae",
    "enable_threads": true,
    "enable_network": false
  },
  "result": {
    "Success": {
      "stdout": "hi\n",
      "stderr": "test.wasm-5.1# test.wasm-5.1# test.wasm-5.1# exit\n",
      "exit_code": 0
    }
  }
}
